// Jest Snapshot v1, https://goo.gl/fbAQLP

exports[`<InputUrl /> should render correctly 1`] = `
<div
  className="content"
>
  <form
    className="has-text-centered"
    onSubmit={[Function]}
  >
    <div
      className="field has-addons has-addons-centered"
    >
      <div
        className="control"
      >
        <input
          className="input"
          onChange={[Function]}
          pattern="^[-a-zA-Z0-9@:%._\\\\+~#=]{2,256}\\\\.[a-z]{2,6}\\\\b([-a-zA-Z0-9@:%_\\\\+.~#?&=]*)"
          placeholder="website.com"
          type="text"
          value=""
        />
        <div
          className="help is-danger show-invalid"
        >
          Format: www.google.com / google.com
        </div>
      </div>
      <div
        className="control"
      >
        <button
          className="button is-primary"
          type="submit"
        >
          Locate!
        </button>
      </div>
    </div>
  </form>
</div>
`;
